lib/services/ai/gemini-ai.service.ts(188,27): error TS1127: Invalid character.
lib/services/ai/gemini-ai.service.ts(188,28): error TS1134: Variable declaration expected.
lib/services/ai/gemini-ai.service.ts(275,1): error TS1434: Unexpected keyword or identifier.
lib/services/ai/gemini-ai.service.ts(275,5): error TS1434: Unexpected keyword or identifier.
lib/services/ai/gemini-ai.service.ts(275,9): error TS1434: Unexpected keyword or identifier.
lib/services/ai/gemini-ai.service.ts(275,12): error TS1435: Unknown keyword or identifier. Did you mean 'export'?
lib/services/ai/gemini-ai.service.ts(275,19): error TS1434: Unexpected keyword or identifier.
lib/services/ai/gemini-ai.service.ts(275,29): error TS1434: Unexpected keyword or identifier.
lib/services/ai/gemini-ai.service.ts(275,42): error TS1005: '(' expected.
lib/services/ai/gemini-ai.service.ts(275,47): error TS1005: ')' expected.
lib/services/ai/gemini-ai.service.ts(275,57): error TS1434: Unexpected keyword or identifier.
lib/services/ai/gemini-ai.service.ts(275,60): error TS1434: Unexpected keyword or identifier.
lib/services/ai/gemini-ai.service.ts(275,66): error TS1434: Unexpected keyword or identifier.
lib/services/ai/gemini-ai.service.ts(275,76): error TS1434: Unexpected keyword or identifier.
lib/services/ai/gemini-ai.service.ts(275,80): error TS1434: Unexpected keyword or identifier.
lib/services/ai/gemini-ai.service.ts(275,89): error TS1434: Unexpected keyword or identifier.
lib/services/ai/gemini-ai.service.ts(277,13): error TS1005: ';' expected.
lib/services/ai/gemini-ai.service.ts(277,15): error TS1434: Unexpected keyword or identifier.
lib/services/ai/gemini-ai.service.ts(277,23): error TS1434: Unexpected keyword or identifier.
lib/services/ai/gemini-ai.service.ts(277,27): error TS1434: Unexpected keyword or identifier.
lib/services/ai/gemini-ai.service.ts(277,36): error TS1434: Unexpected keyword or identifier.
lib/services/ai/gemini-ai.service.ts(277,43): error TS1434: Unexpected keyword or identifier.
lib/services/ai/gemini-ai.service.ts(277,52): error TS1434: Unexpected keyword or identifier.
lib/services/ai/gemini-ai.service.ts(277,56): error TS1434: Unexpected keyword or identifier.
lib/services/ai/gemini-ai.service.ts(277,65): error TS1434: Unexpected keyword or identifier.
lib/services/ai/gemini-ai.service.ts(277,68): error TS1434: Unexpected keyword or identifier.
lib/services/ai/gemini-ai.service.ts(277,77): error TS1434: Unexpected keyword or identifier.
lib/services/ai/gemini-ai.service.ts(279,19): error TS1005: ';' expected.
lib/services/ai/gemini-ai.service.ts(279,21): error TS1434: Unexpected keyword or identifier.
lib/services/ai/gemini-ai.service.ts(279,25): error TS1434: Unexpected keyword or identifier.
lib/services/ai/gemini-ai.service.ts(279,34): error TS1228: A type predicate is only allowed in return type position for functions and methods.
lib/services/ai/gemini-ai.service.ts(279,37): error TS1434: Unexpected keyword or identifier.
lib/services/ai/gemini-ai.service.ts(279,41): error TS1434: Unexpected keyword or identifier.
lib/services/ai/gemini-ai.service.ts(279,48): error TS1434: Unexpected keyword or identifier.
lib/services/ai/gemini-ai.service.ts(279,57): error TS1003: Identifier expected.
lib/services/ai/gemini-ai.service.ts(280,1): error TS1434: Unexpected keyword or identifier.
lib/services/ai/gemini-ai.service.ts(280,9): error TS1434: Unexpected keyword or identifier.
lib/services/ai/gemini-ai.service.ts(280,18): error TS1434: Unexpected keyword or identifier.
lib/services/ai/gemini-ai.service.ts(280,22): error TS1434: Unexpected keyword or identifier.
lib/services/ai/gemini-ai.service.ts(280,25): error TS1434: Unexpected keyword or identifier.
lib/services/ai/gemini-ai.service.ts(280,36): error TS1434: Unexpected keyword or identifier.
lib/services/ai/gemini-ai.service.ts(280,58): error TS1005: ';' expected.
lib/services/ai/gemini-ai.service.ts(280,66): error TS1434: Unexpected keyword or identifier.
lib/services/ai/gemini-ai.service.ts(282,14): error TS1005: ';' expected.
lib/services/ai/gemini-ai.service.ts(282,15): error TS1005: ';' expected.
lib/services/ai/gemini-ai.service.ts(282,17): error TS1434: Unexpected keyword or identifier.
lib/services/ai/gemini-ai.service.ts(283,21): error TS1005: ';' expected.
lib/services/ai/gemini-ai.service.ts(283,37): error TS1005: ';' expected.
lib/services/ai/gemini-ai.service.ts(283,56): error TS1005: ';' expected.
lib/services/ai/gemini-ai.service.ts(283,64): error TS1434: Unexpected keyword or identifier.
lib/services/ai/gemini-ai.service.ts(283,69): error TS1434: Unexpected keyword or identifier.
lib/services/ai/gemini-ai.service.ts(284,18): error TS1005: ';' expected.
lib/services/ai/gemini-ai.service.ts(284,27): error TS1228: A type predicate is only allowed in return type position for functions and methods.
lib/services/ai/gemini-ai.service.ts(284,56): error TS1005: ';' expected.
lib/services/ai/gemini-ai.service.ts(286,1): error TS1434: Unexpected keyword or identifier.
lib/services/ai/gemini-ai.service.ts(286,7): error TS1005: ';' expected.
lib/services/ai/gemini-ai.service.ts(286,9): error TS1434: Unexpected keyword or identifier.
lib/services/ai/gemini-ai.service.ts(287,17): error TS1005: ';' expected.
lib/services/ai/gemini-ai.service.ts(287,21): error TS1005: '(' expected.
lib/services/ai/gemini-ai.service.ts(287,26): error TS1005: ';' expected.
lib/services/ai/gemini-ai.service.ts(287,32): error TS1005: ';' expected.
lib/services/ai/gemini-ai.service.ts(287,41): error TS1005: ')' expected.
lib/services/ai/gemini-ai.service.ts(287,46): error TS1434: Unexpected keyword or identifier.
lib/services/ai/gemini-ai.service.ts(287,51): error TS1434: Unexpected keyword or identifier.
lib/services/ai/gemini-ai.service.ts(288,21): error TS1005: ';' expected.
lib/services/ai/gemini-ai.service.ts(288,27): error TS1434: Unexpected keyword or identifier.
lib/services/ai/gemini-ai.service.ts(288,40): error TS1434: Unexpected keyword or identifier.
lib/services/ai/gemini-ai.service.ts(288,46): error TS1434: Unexpected keyword or identifier.
lib/services/ai/gemini-ai.service.ts(288,49): error TS1434: Unexpected keyword or identifier.
lib/services/ai/gemini-ai.service.ts(289,23): error TS1005: ';' expected.
lib/services/ai/gemini-ai.service.ts(289,44): error TS1005: ';' expected.
lib/services/ai/gemini-ai.service.ts(289,56): error TS1005: ';' expected.
lib/services/ai/gemini-ai.service.ts(291,1): error TS1434: Unexpected keyword or identifier.
lib/services/ai/gemini-ai.service.ts(291,28): error TS1005: ',' expected.
lib/services/ai/gemini-ai.service.ts(291,33): error TS1005: ';' expected.
lib/services/ai/gemini-ai.service.ts(292,16): error TS1434: Unexpected keyword or identifier.
lib/services/ai/gemini-ai.service.ts(293,1): error TS1434: Unexpected keyword or identifier.
lib/services/ai/gemini-ai.service.ts(293,16): error TS1434: Unexpected keyword or identifier.
lib/services/ai/gemini-ai.service.ts(294,13): error TS1434: Unexpected keyword or identifier.
lib/services/ai/gemini-ai.service.ts(295,14): error TS1434: Unexpected keyword or identifier.
lib/services/ai/gemini-ai.service.ts(295,66): error TS1434: Unexpected keyword or identifier.
lib/services/ai/gemini-ai.service.ts(295,69): error TS1434: Unexpected keyword or identifier.
lib/services/ai/gemini-ai.service.ts(296,16): error TS1434: Unexpected keyword or identifier.
lib/services/ai/gemini-ai.service.ts(297,16): error TS1434: Unexpected keyword or identifier.
lib/services/ai/gemini-ai.service.ts(299,1): error TS1434: Unexpected keyword or identifier.
lib/services/ai/gemini-ai.service.ts(299,11): error TS1434: Unexpected keyword or identifier.
lib/services/ai/gemini-ai.service.ts(299,16): error TS1434: Unexpected keyword or identifier.
lib/services/ai/gemini-ai.service.ts(300,1): error TS1434: Unexpected keyword or identifier.
lib/services/ai/gemini-ai.service.ts(429,1): error TS1434: Unexpected keyword or identifier.
lib/services/ai/gemini-ai.service.ts(430,16): error TS1005: ';' expected.
lib/services/ai/gemini-ai.service.ts(430,18): error TS1434: Unexpected keyword or identifier.
lib/services/ai/gemini-ai.service.ts(431,16): error TS1005: ';' expected.
lib/services/ai/gemini-ai.service.ts(431,24): error TS1434: Unexpected keyword or identifier.
lib/services/ai/gemini-ai.service.ts(432,13): error TS1005: ';' expected.
lib/services/ai/gemini-ai.service.ts(432,15): error TS1434: Unexpected keyword or identifier.
lib/services/ai/gemini-ai.service.ts(433,15): error TS1005: ';' expected.
lib/services/ai/gemini-ai.service.ts(433,21): error TS1434: Unexpected keyword or identifier.
lib/services/ai/gemini-ai.service.ts(434,13): error TS1005: ';' expected.
lib/services/ai/gemini-ai.service.ts(434,19): error TS1434: Unexpected keyword or identifier.
lib/services/ai/gemini-ai.service.ts(435,16): error TS1005: ';' expected.
lib/services/ai/gemini-ai.service.ts(435,18): error TS1434: Unexpected keyword or identifier.
lib/services/ai/gemini-ai.service.ts(436,18): error TS1005: ';' expected.
lib/services/ai/gemini-ai.service.ts(436,27): error TS1434: Unexpected keyword or identifier.
lib/services/ai/gemini-ai.service.ts(453,1): error TS1434: Unexpected keyword or identifier.
lib/services/ai/gemini-ai.service.ts(453,5): error TS1434: Unexpected keyword or identifier.
lib/services/ai/gemini-ai.service.ts(453,9): error TS1434: Unexpected keyword or identifier.
lib/services/ai/gemini-ai.service.ts(453,12): error TS1435: Unknown keyword or identifier. Did you mean 'export'?
lib/services/ai/gemini-ai.service.ts(453,19): error TS1434: Unexpected keyword or identifier.
lib/services/ai/gemini-ai.service.ts(453,29): error TS1434: Unexpected keyword or identifier.
lib/services/ai/gemini-ai.service.ts(453,37): error TS1434: Unexpected keyword or identifier.
lib/services/ai/gemini-ai.service.ts(453,45): error TS1434: Unexpected keyword or identifier.
lib/services/ai/gemini-ai.service.ts(453,47): error TS1434: Unexpected keyword or identifier.
lib/services/ai/gemini-ai.service.ts(453,60): error TS1434: Unexpected keyword or identifier.
lib/services/ai/gemini-ai.service.ts(453,71): error TS1434: Unexpected keyword or identifier.
lib/services/ai/gemini-ai.service.ts(453,77): error TS1434: Unexpected keyword or identifier.
lib/services/ai/gemini-ai.service.ts(455,10): error TS1005: ';' expected.
lib/services/ai/gemini-ai.service.ts(457,1): error TS1434: Unexpected keyword or identifier.
lib/services/ai/gemini-ai.service.ts(457,16): error TS1434: Unexpected keyword or identifier.
lib/services/ai/gemini-ai.service.ts(460,10): error TS1005: ';' expected.
lib/services/ai/gemini-ai.service.ts(460,17): error TS1434: Unexpected keyword or identifier.
lib/services/ai/gemini-ai.service.ts(460,21): error TS1434: Unexpected keyword or identifier.
lib/services/ai/gemini-ai.service.ts(460,30): error TS1434: Unexpected keyword or identifier.
lib/services/ai/gemini-ai.service.ts(460,36): error TS1434: Unexpected keyword or identifier.
lib/services/ai/gemini-ai.service.ts(460,39): error TS1434: Unexpected keyword or identifier.
lib/services/ai/gemini-ai.service.ts(460,43): error TS1434: Unexpected keyword or identifier.
lib/services/ai/gemini-ai.service.ts(460,50): error TS1434: Unexpected keyword or identifier.
lib/services/ai/gemini-ai.service.ts(460,59): error TS1434: Unexpected keyword or identifier.
lib/services/ai/gemini-ai.service.ts(460,63): error TS1434: Unexpected keyword or identifier.
lib/services/ai/gemini-ai.service.ts(461,10): error TS1005: ';' expected.
lib/services/ai/gemini-ai.service.ts(461,33): error TS1005: ';' expected.
lib/services/ai/gemini-ai.service.ts(462,10): error TS1005: ';' expected.
lib/services/ai/gemini-ai.service.ts(462,13): error TS1434: Unexpected keyword or identifier.
lib/services/ai/gemini-ai.service.ts(462,17): error TS1434: Unexpected keyword or identifier.
lib/services/ai/gemini-ai.service.ts(462,29): error TS1228: A type predicate is only allowed in return type position for functions and methods.
lib/services/ai/gemini-ai.service.ts(462,32): error TS1434: Unexpected keyword or identifier.
lib/services/ai/gemini-ai.service.ts(462,53): error TS1005: ';' expected.
lib/services/ai/gemini-ai.service.ts(462,67): error TS1005: ';' expected.
lib/services/ai/gemini-ai.service.ts(463,10): error TS1005: ';' expected.
lib/services/ai/gemini-ai.service.ts(463,18): error TS1434: Unexpected keyword or identifier.
lib/services/ai/gemini-ai.service.ts(463,27): error TS1434: Unexpected keyword or identifier.
lib/services/ai/gemini-ai.service.ts(463,38): error TS1434: Unexpected keyword or identifier.
lib/services/ai/gemini-ai.service.ts(463,41): error TS1434: Unexpected keyword or identifier.
lib/services/ai/gemini-ai.service.ts(463,48): error TS1434: Unexpected keyword or identifier.
lib/services/ai/gemini-ai.service.ts(463,57): error TS1434: Unexpected keyword or identifier.
lib/services/ai/gemini-ai.service.ts(464,10): error TS1005: ';' expected.
lib/services/ai/gemini-ai.service.ts(464,14): error TS1434: Unexpected keyword or identifier.
lib/services/ai/gemini-ai.service.ts(464,21): error TS1434: Unexpected keyword or identifier.
lib/services/ai/gemini-ai.service.ts(464,30): error TS1434: Unexpected keyword or identifier.
lib/services/ai/gemini-ai.service.ts(464,35): error TS1434: Unexpected keyword or identifier.
lib/services/ai/gemini-ai.service.ts(464,50): error TS1005: ';' expected.
lib/services/ai/gemini-ai.service.ts(465,10): error TS1005: ';' expected.
lib/services/ai/gemini-ai.service.ts(465,13): error TS1434: Unexpected keyword or identifier.
lib/services/ai/gemini-ai.service.ts(465,17): error TS1434: Unexpected keyword or identifier.
lib/services/ai/gemini-ai.service.ts(465,26): error TS1228: A type predicate is only allowed in return type position for functions and methods.
lib/services/ai/gemini-ai.service.ts(465,29): error TS1435: Unknown keyword or identifier. Did you mean 'out'?
lib/services/ai/gemini-ai.service.ts(465,53): error TS1005: ';' expected.
lib/services/ai/gemini-ai.service.ts(465,58): error TS1434: Unexpected keyword or identifier.
lib/services/ai/gemini-ai.service.ts(465,61): error TS1434: Unexpected keyword or identifier.
lib/services/ai/gemini-ai.service.ts(465,65): error TS1434: Unexpected keyword or identifier.
lib/services/ai/gemini-ai.service.ts(465,68): error TS1434: Unexpected keyword or identifier.
lib/services/ai/gemini-ai.service.ts(466,10): error TS1005: ';' expected.
lib/services/ai/gemini-ai.service.ts(466,14): error TS1434: Unexpected keyword or identifier.
lib/services/ai/gemini-ai.service.ts(466,34): error TS1005: ';' expected.
lib/services/ai/gemini-ai.service.ts(466,55): error TS1005: ';' expected.
lib/services/ai/gemini-ai.service.ts(466,58): error TS1005: '(' expected.
lib/services/ai/gemini-ai.service.ts(466,62): error TS1005: ')' expected.
lib/services/ai/gemini-ai.service.ts(468,1): error TS1434: Unexpected keyword or identifier.
lib/services/ai/gemini-ai.service.ts(468,8): error TS1434: Unexpected keyword or identifier.
lib/services/ai/gemini-ai.service.ts(468,12): error TS1434: Unexpected keyword or identifier.
lib/services/ai/gemini-ai.service.ts(468,28): error TS1002: Unterminated string literal.
lib/services/ai/gemini-ai.service.ts(507,1): error TS1160: Unterminated template literal.
