[    7831ms] [ERROR] Loading the script 'https://www.googletagmanager.com/gtag/js?id=G-G9ZFY7QQX6' violates the following Content Security Policy directive: "script-src 'self' 'unsafe-eval' 'unsafe-inline' https://checkout.stripe.com https://static.cloudflareinsights.com https://browser.sentry-cdn.com". Note that 'script-src-elem' was not explicitly set, so 'script-src' is used as a fallback. The action has been blocked. @ http://localhost:3000/agent:0
[    9445ms] [ERROR] Creating a worker from 'blob:http://localhost:3000/4d39c0e8-e85a-4923-9d1e-8be359cef505' violates the following Content Security Policy directive: "script-src 'self' 'unsafe-eval' 'unsafe-inline' https://checkout.stripe.com https://static.cloudflareinsights.com https://browser.sentry-cdn.com". Note that 'worker-src' was not explicitly set, so 'script-src' is used as a fallback. The action has been blocked. @ http://localhost:3000/_next/static/chunks/node_modules_%40sentry-internal_replay_build_npm_esm_index_32be9d39.js:5098
[   10120ms] [ERROR] Loading the script 'https://va.vercel-scripts.com/v1/script.debug.js' violates the following Content Security Policy directive: "script-src 'self' 'unsafe-eval' 'unsafe-inline' https://checkout.stripe.com https://static.cloudflareinsights.com https://browser.sentry-cdn.com". Note that 'script-src-elem' was not explicitly set, so 'script-src' is used as a fallback. The action has been blocked. @ http://localhost:3000/_next/static/chunks/node_modules_e55a7bca._.js:3911
[   10229ms] [ERROR] Loading the script 'https://www.googletagmanager.com/gtag/js?id=G-G9ZFY7QQX6' violates the following Content Security Policy directive: "script-src 'self' 'unsafe-eval' 'unsafe-inline' https://checkout.stripe.com https://static.cloudflareinsights.com https://browser.sentry-cdn.com". Note that 'script-src-elem' was not explicitly set, so 'script-src' is used as a fallback. The action has been blocked. @ http://localhost:3000/_next/static/chunks/node_modules_next_dist_client_e6ad3705._.js:809
[   10232ms] [ERROR] Loading the script 'https://va.vercel-scripts.com/v1/speed-insights/script.debug.js' violates the following Content Security Policy directive: "script-src 'self' 'unsafe-eval' 'unsafe-inline' https://checkout.stripe.com https://static.cloudflareinsights.com https://browser.sentry-cdn.com". Note that 'script-src-elem' was not explicitly set, so 'script-src' is used as a fallback. The action has been blocked. @ http://localhost:3000/_next/static/chunks/node_modules_e55a7bca._.js:4127
[ 1027949ms] [WARNING] [Fast Refresh] performing full reload

Fast Refresh will perform a full reload when you edit a file that's imported by modules outside of the React rendering tree.
You might have a file which exports a React component but also exports a value that is imported by a non-React component file.
Consider migrating the non-React component export to a separate file and importing it into both files.

It is also possible the parent component of the component you edited is a class component, which disables Fast Refresh.
Fast Refresh requires at least one parent function component in your React tree. @ http://localhost:3000/_next/static/chunks/node_modules_%40sentry_core_build_esm_5d0f655a._.js:10147
[ 1041852ms] [WARNING] [Fast Refresh] performing full reload

Fast Refresh will perform a full reload when you edit a file that's imported by modules outside of the React rendering tree.
You might have a file which exports a React component but also exports a value that is imported by a non-React component file.
Consider migrating the non-React component export to a separate file and importing it into both files.

It is also possible the parent component of the component you edited is a class component, which disables Fast Refresh.
Fast Refresh requires at least one parent function component in your React tree. @ http://localhost:3000/_next/static/chunks/node_modules_%40sentry_core_build_esm_5d0f655a._.js:10147
[ 1062168ms] [ERROR] Loading the script 'https://www.googletagmanager.com/gtag/js?id=G-G9ZFY7QQX6' violates the following Content Security Policy directive: "script-src 'self' 'unsafe-eval' 'unsafe-inline' https://checkout.stripe.com https://static.cloudflareinsights.com https://browser.sentry-cdn.com". Note that 'script-src-elem' was not explicitly set, so 'script-src' is used as a fallback. The action has been blocked. @ http://localhost:3000/agent:0
[ 1066909ms] [ERROR] Creating a worker from 'blob:http://localhost:3000/aade69db-bc70-4141-983f-be02b2a8068c' violates the following Content Security Policy directive: "script-src 'self' 'unsafe-eval' 'unsafe-inline' https://checkout.stripe.com https://static.cloudflareinsights.com https://browser.sentry-cdn.com". Note that 'worker-src' was not explicitly set, so 'script-src' is used as a fallback. The action has been blocked. @ http://localhost:3000/_next/static/chunks/node_modules_%40sentry-internal_replay_build_npm_esm_index_32be9d39.js:5098
[ 1068480ms] [ERROR] Loading the script 'https://va.vercel-scripts.com/v1/script.debug.js' violates the following Content Security Policy directive: "script-src 'self' 'unsafe-eval' 'unsafe-inline' https://checkout.stripe.com https://static.cloudflareinsights.com https://browser.sentry-cdn.com". Note that 'script-src-elem' was not explicitly set, so 'script-src' is used as a fallback. The action has been blocked. @ http://localhost:3000/_next/static/chunks/node_modules_e55a7bca._.js:3911
[ 1068583ms] [ERROR] Loading the script 'https://www.googletagmanager.com/gtag/js?id=G-G9ZFY7QQX6' violates the following Content Security Policy directive: "script-src 'self' 'unsafe-eval' 'unsafe-inline' https://checkout.stripe.com https://static.cloudflareinsights.com https://browser.sentry-cdn.com". Note that 'script-src-elem' was not explicitly set, so 'script-src' is used as a fallback. The action has been blocked. @ http://localhost:3000/_next/static/chunks/node_modules_next_dist_client_e6ad3705._.js:809
[ 1068587ms] [ERROR] Loading the script 'https://va.vercel-scripts.com/v1/speed-insights/script.debug.js' violates the following Content Security Policy directive: "script-src 'self' 'unsafe-eval' 'unsafe-inline' https://checkout.stripe.com https://static.cloudflareinsights.com https://browser.sentry-cdn.com". Note that 'script-src-elem' was not explicitly set, so 'script-src' is used as a fallback. The action has been blocked. @ http://localhost:3000/_next/static/chunks/node_modules_e55a7bca._.js:4127
